// Jest Snapshot v1, https://goo.gl/fbAQLP

exports[`<HomePage /> expect to render home page 1`] = `ShallowWrapper {}`;
