// Jest Snapshot v1, https://goo.gl/fbAQLP

exports[`<LoginPage /> expect to render login page 1`] = `ShallowWrapper {}`;
