// Jest Snapshot v1, https://goo.gl/fbAQLP

exports[`<FinishWorkoutModall /> expect to render finish workout modal 1`] = `ShallowWrapper {}`;
