// Jest Snapshot v1, https://goo.gl/fbAQLP

exports[`<SwapExercise /> expect to render swap exercise modal 1`] = `ShallowWrapper {}`;
