// Jest Snapshot v1, https://goo.gl/fbAQLP

exports[`<AddExercise /> expect to render add exercise modal 1`] = `ShallowWrapper {}`;
