// Jest Snapshot v1, https://goo.gl/fbAQLP

exports[`<SignupPage /> expect to render signup page 1`] = `ShallowWrapper {}`;
